
2026-04-01 08:15:30 ERROR: INC1000004 - Connection failed
2026-04-01 08:17:12 ERROR: INC1000004 - Query timeout
2026-04-01 13:45:22 INFO: prediction for INC1000004
